
[7m[1m[36m RUN [39m[22m[27m [36mv1.6.1[39m [90mC:/devProjects/semantic-baseline/digitalbackbone[39m

 [33mΓ¥»[39m apps/som-tier0/src/query/query-layer.test.ts [2m ([22m[2m0 test[22m[2m)[22m

node.exe : [31mΓÄ»ΓÄ»
ΓÄ»ΓÄ»ΓÄ»ΓÄ»[1m[7m 
Failed Suites 1 [27m
[22mΓÄ»ΓÄ»ΓÄ»ΓÄ»ΓÄ»ΓÄ»
ΓÄ»[39m
At C:\Users\Corsair On
e\AppData\Local\fnm_mu
ltishells\31460_176520
8075352\npx.ps1:16 
char:5
+     & 
"$basedir/node$exe"  "
$basedir/node_modules/
npm/bin/npx-cli.js" 
...
+     ~~~~~~~~~~~~~~~~
~~~~~~~~~~~~~~~~~~~~~~
~~~~~~~~~~~~~~~~~~~~~~
~~~~~
    + CategoryInfo    
          : NotSpeci  
  fied: ([31mΓÄ»ΓÄ   
 »ΓÄ»Γ...»ΓÄ»ΓÄ»ΓÄ    
»[39m:String) []    
, RemoteException
    + FullyQualifiedE 
   rrorId : NativeCo  
  mmandError
 

[31m[1m[7m FAIL 
[27m[22m[39m apps/s
om-tier0/src/query/que
ry-layer.test.ts 
[2m[ apps/som-tier0/s
rc/query/query-layer.t
est.ts ][22m
[31m[1mError[22m: 
Failed to load url 
@som/shared-types 
(resolved id: 
@som/shared-types) in 
C:/devProjects/semanti
c-baseline/digitalback
bone/apps/som-tier0/sr
c/query/query-layer.te
st.ts. Does the file 
exist?[39m
[90m [2mΓ¥»[22m 
loadAndTransform node_
modules/vite/dist/node
/chunks/dep-BK3b2jBa.j
s:[2m51969:17[22m[3
9m

[31m[2mΓÄ»ΓÄ»ΓÄ»ΓÄ»Γ
Ä»ΓÄ»ΓÄ»ΓÄ»ΓÄ»ΓÄ»ΓÄ»ΓÄ
»ΓÄ»ΓÄ»ΓÄ»ΓÄ»ΓÄ»ΓÄ»ΓÄ»
ΓÄ»ΓÄ»ΓÄ»ΓÄ»ΓÄ»[1/1]ΓÄ
»[22m[39m

[2m Test Files [22m [1m[31m1 failed[39m[22m[90m (1)[39m
[2m      Tests [22m [2mno tests[22m
[2m   Start at [22m 08:17:37
[2m   Duration [22m 504ms[2m (transform 91ms, setup 0ms, collect 0ms, tests 0ms, environment 0ms, prepare 119ms)[22m

